// Jest Snapshot v1, https://goo.gl/fbAQLP

exports[`<PackageList /> component should load the component with packages 1`] = `"<div><div class=\\"pkgContainer\\"><h1 class=\\"listTitle\\">Available Packages</h1><li><a class=\\"package\\" href=\\"detail/verdaccio\\"><h1>verdaccio<span class=\\"el-tag el-tag--gray\\">v1.0.0</span></h1><span role=\\"author\\" class=\\"author\\">By: Sam</span><p>Private NPM repository</p></a></li><li><a class=\\"package\\" href=\\"detail/abc\\"><h1>abc<span class=\\"el-tag el-tag--gray\\">v1.0.1</span></h1><span role=\\"author\\" class=\\"author\\">By: Rose</span><p>abc description</p></a></li><li><a class=\\"package\\" href=\\"detail/xyz\\"><h1>xyz<span class=\\"el-tag el-tag--gray\\">v1.1.0</span></h1><span role=\\"author\\" class=\\"author\\">By: Martin</span><p>xyz description</p></a></li></div></div>"`;
