// Jest Snapshot v1, https://goo.gl/fbAQLP

exports[`<CopyToClipBoard /> component render the component 1`] = `"<p class=\\"css-1a0lalv eduq2bv0\\"><span class=\\"css-1m8aenu eduq2bv1\\">copy text</span><button tabindex=\\"0\\" class=\\"MuiButtonBase-root-14 MuiIconButton-root-8 css-56v3u0 eduq2bv2\\" type=\\"button\\" title=\\"Copy to Clipboard\\"><span class=\\"MuiIconButton-label-13\\"><svg class=\\"MuiSvgIcon-root-17\\" focusable=\\"false\\" viewBox=\\"0 0 24 24\\" aria-hidden=\\"true\\" role=\\"presentation\\"><path fill=\\"none\\" d=\\"M0 0h24v24H0z\\"></path><path d=\\"M16 1H4c-1.1 0-2 .9-2 2v14h2V3h12V1zm-1 4l6 6v10c0 1.1-.9 2-2 2H7.99C6.89 23 6 22.1 6 21l.01-14c0-1.1.89-2 1.99-2h7zm-1 7h5.5L14 6.5V12z\\"></path></svg></span><span class=\\"MuiTouchRipple-root-26\\"></span></button></p>"`;
