// Jest Snapshot v1, https://goo.gl/fbAQLP

exports[`<Header /> component shallow should load header component in login state 1`] = `"<header class=\\"header\\"><div class=\\"headerWrap\\"><a href=\\"/#/\\"><img src=\\"logo.png\\" class=\\"logo\\"/></a><figure>npm set scope:registry http://localhost<br/>npm adduser --registry http://localhost</figure><div class=\\"headerRight\\"><div class=\\"user-logged\\"><span class=\\"user-logged-greetings usernameField\\">Hi, Verdaccio</span><button tabindex=\\"0\\" class=\\"MuiButtonBase-root-27 MuiButton-root-1 MuiButton-text-3 MuiButton-textPrimary-4 MuiButton-flat-6 MuiButton-flatPrimary-7 headerButton header-button-logout\\" type=\\"button\\"><span class=\\"MuiButton-label-2\\">Logout</span><span class=\\"MuiTouchRipple-root-30\\"></span></button></div></div></div></header>"`;

exports[`<Header /> component shallow should load header component in logout state 1`] = `"<header class=\\"header\\"><div class=\\"headerWrap\\"><a href=\\"/#/\\"><img src=\\"logo.png\\" class=\\"logo\\"/></a><figure>npm set scope:registry http://localhost<br/>npm adduser --registry http://localhost</figure><div class=\\"headerRight\\"><button tabindex=\\"0\\" class=\\"MuiButtonBase-root-27 MuiButton-root-1 MuiButton-text-3 MuiButton-textPrimary-4 MuiButton-flat-6 MuiButton-flatPrimary-7 headerButton header-button-login\\" type=\\"button\\"><span class=\\"MuiButton-label-2\\">Login</span><span class=\\"MuiTouchRipple-root-30\\"></span></button></div></div></header>"`;
