// Jest Snapshot v1, https://goo.gl/fbAQLP

exports[`<Help /> component should set html from props with / base path 1`] = `"<div class=\\"help\\"><li class=\\"noPkg\\"><h1 class=\\"noPkgTitle\\">No Package Published Yet</h1><div class=\\"noPkgIntro\\"><div>To publish your first package just:</div><br><strong>1. Login</strong><pre id=\\"adduser\\" style=\\"display: block; overflow-x: auto; padding: 0.5em; background: rgb(0, 0, 0); color: rgb(248, 248, 248);\\"><code>npm adduser --registry http:<span style=\\"color: rgb(174, 174, 174); font-style: italic;\\">//example.com</span></code></pre><strong>2. Publish</strong><pre id=\\"publish\\" style=\\"display: block; overflow-x: auto; padding: 0.5em; background: rgb(0, 0, 0); color: rgb(248, 248, 248);\\"><code>npm publish --registry http:<span style=\\"color: rgb(174, 174, 174); font-style: italic;\\">//example.com</span></code></pre><strong>3. Refresh this page!</strong></div></li></div>"`;

exports[`<Help /> component should set html from props with someOtherPath 1`] = `"<div class=\\"help\\"><li class=\\"noPkg\\"><h1 class=\\"noPkgTitle\\">No Package Published Yet</h1><div class=\\"noPkgIntro\\"><div>To publish your first package just:</div><br><strong>1. Login</strong><pre id=\\"adduser\\" style=\\"display: block; overflow-x: auto; padding: 0.5em; background: rgb(0, 0, 0); color: rgb(248, 248, 248);\\"><code>npm adduser --registry http:<span style=\\"color: rgb(174, 174, 174); font-style: italic;\\">//example.com/someOtherPath</span></code></pre><strong>2. Publish</strong><pre id=\\"publish\\" style=\\"display: block; overflow-x: auto; padding: 0.5em; background: rgb(0, 0, 0); color: rgb(248, 248, 248);\\"><code>npm publish --registry http:<span style=\\"color: rgb(174, 174, 174); font-style: italic;\\">//example.com/someOtherPath</span></code></pre><strong>3. Refresh this page!</strong></div></li></div>"`;
